// Jest Snapshot v1, https://goo.gl/fbAQLP

exports[`Title should work 1`] = `
<h1
  className="h1"
>
  Title test
</h1>
`;
