// Jest Snapshot v1, https://goo.gl/fbAQLP

exports[`getTime should work 2`] = `
Object {
  "timeCalls": Array [
    Array [],
  ],
}
`;
